 Container karasu-neo4j Running 
 Container karasu-tor Running 
 Container karasu-searxng Starting 
 Container karasu-searxng Started 
 Container karasu-neo4j Waiting 
 Container karasu-neo4j Healthy 
 Container karasugakure-karasu-run-31c55493a34a Creating 
 Container karasugakure-karasu-run-31c55493a34a Created 
╔══════════════════════════════════════════════╗
║     KARASUGAKURE — OSINT HARNESS BOOTSTRAP   ║
╚══════════════════════════════════════════════╝
[BOOT] Starting Karasugakure Core with Kùzu embedded GraphDB...
[BOOT] Verifying Tor SOCKS5 proxy at tor-proxy:9150...
[BOOT] Initializing Karasugakure data directories...
[BOOT] Data directories initialized at: /tmp/karasu_data
[BOOT] Connecting to database and running graph schema migrations...
[BOOT] Graph database connection established & schema migrations applied.
[BOOT] Initializing Forensic Audit Ledger...
[BOOT] Forensic Audit Ledger initialized. Boot event recorded.
[BOOT] Running smoke test suite...
=== KARASUGAKURE OSINT FORENSIC SMOKE TEST SUITE ===

[RUNNING] python3 -m karasugakure.cli init
[SUCCESS]

[RUNNING] python3 -m karasugakure.cli orchestrate testtarget.com
[FAILED] Exit code: 1
[STDOUT]
Initializing LangGraph dojo orchestration harness for target: testtarget.com...
╭───────────────────────── Workflow Suspended/Failed ──────────────────────────╮
│ ⚠ Orchestration failed or suspended.                                         │
│ Session ID: 1ccd4e2a                                                         │
│ Suspended Phase: rollback                                                    │
│ Errors:                                                                      │
│ - Forensic ledger integrity check failed before phase: recon                 │
╰──────────────────────────────────────────────────────────────────────────────╯
Orchestration critical failure: 

[STDERR]
Forensic Audit Ledger Integrity check failed! Corruptions: [{'database_index': 1, 'reason': 'Graph HMAC signature mismatch in Neo4j', 'expected_signature': '131dec2aa527a3c0541e1c9e6884b4240a5ee3a39261a0588c7502d08ab3dc058b6054667af8c7419ffaa5e46d0bd660392f9c7808ca7339547cd097ca0913e1', 'actual_signature': '9b25179c329ae2ef1794193a16dfde115865ffe88939e9e487a74eac4d6b9be1640c982217afa1ea7078b930b1c92e530ddf629aa76694ae51c39b6548a3d3ae'}, {'database_index': 2, 'reason': 'Graph HMAC signature mismatch in Neo4j', 'expected_signature': '10ac905eb7d35e141040370cfe0b53431655022b4be83aa92f7f6be0a0fa1d30fd2dedb6341a7dee970f74dce109f99bab8e91635395aa46b804533d98c75677', 'actual_signature': '90305c6a5e42c31f8704deac163f0e01b947c94eb9c4745d6c1ed04025b485c84f364de4d773608e9a99ad566f13e589a455c1992f99264d244d292e46a984ce'}, {'database_index': 3, 'reason': 'Graph HMAC signature mismatch in Neo4j', 'expected_signature': '8ae15fa8115d4e0ed8f49d530b40314c65c583b4df97d61d12fb9e624a84fb667e42c774308cf278b8e1d7ac72d0dcdcb03590f18741377c0fd1a9c8094f663e', 'actual_signature': '69edaed23eacc5b27d1481dcdb2a5e069e3b91ea7ba3ca53b040ea56f9cd4b54ec298a9dceda13bd8aad893a70801ba90284ced35940987eb53023aeb9977489'}, {'database_index': 4, 'reason': 'Graph HMAC signature mismatch in Neo4j', 'expected_signature': 'e94a4ae73edb8582c3b4f6ebd314d250aca2b27fe7c69e5b12f8b744986ab857f8e023d84135570718d3bba2a6d264425d1e75a3cd2877a7303253c5268e3bf9', 'actual_signature': '938b329902290d45fb810bea03bce2c2870515202c29a7ff9e921e163a6d917ba58340b26624039a67111275568f05451a6bb38e13c84e9f5db653a24a04f06f'}, {'database_index': 5, 'reason': 'Graph HMAC signature mismatch in Neo4j', 'expected_signature': '5c77615ed21a0e69318a34f070c04ba3a1aa4e60ce011b60c4bb9faab874929cf6f22d4c801494d77c131bc775537f04732c25f8c550279ff3bd0c4169ec1374', 'actual_signature': 'b21a3cd34d6ffbe47b571adc52117f9dcda4e6c9b4c5d52fd51b33d8f8623318008f43788b5a19383eb39ad976a29e4d51582004d2fdbebd516481d4fbe5bc33'}, {'database_index': 6, 'reason': 'Graph HMAC signature mismatch in Neo4j', 'expected_signature': '091ba15f5425d4b5a07f28693be4490e75430fee303f8a20ac2a2e2636c0c2b6adc8fe701323e8c55bf6ce8059c999ad51299a55e2e5b2af32772ebe3ef315a6', 'actual_signature': '276701b459f4bd41dd762860223d14b0fb30c622cbd5d1f541e9ff8425d8643856688567fbc78cfad259309b67b2c375c3f1a632d3bf67cbff9b2c6184c77af6'}, {'database_index': 7, 'reason': 'Graph HMAC signature mismatch in Neo4j', 'expected_signature': '9b2e5f35b00a1fe4f729c2706737cccae77964d4c942a4188a1a0a841dc089e1ee0153520d69cc630ecaabc5999b86e47a26bd7c241cd5f1e23a6b254e05752e', 'actual_signature': 'b814f3f0a955c1086f314958d56c98ab9fd0404316319af67903b10c6e3d7f83bd75cc912ecf2b3b8e8a721f2aa3033e09933e9df983bca930d3dfe8a9b1aa89'}, {'database_index': 8, 'reason': 'Graph HMAC signature mismatch in Neo4j', 'expected_signature': '6470b17cfd98c77a305ba32d62b2abe5a28e06310a6353e730520cd88983fbd254ac8045180dede225724738a8b047d970f9119ebe9395be6e251d59a745cef1', 'actual_signature': '3a3a32f6055f0f2814ebf1d81dd9b1780eca07a849ae5b16d6649abf44da4272c39473ecb3bd20b086f07d4db9a5f13b87419d728c89fd82b1d2afb5ccdab911'}, {'database_index': 9, 'reason': 'Graph HMAC signature mismatch in Neo4j', 'expected_signature': '8ce0313fa517efa0ad9d167708151c027d8508ca401823383c3ee88bc7500b1adfff1fd2196d545223b2352f05b2ba24373588611d3291ef370a86388cfd906d', 'actual_signature': '0b33c4ee6e8cfedf3d8cfcc2558d362c500638a3054305f0e32214d889ab871ab49d39e67d6208559b643347eef56ae66d3a51741fb0f8659fbe62afd4f81d52'}, {'database_index': 10, 'reason': 'Graph HMAC signature mismatch in Neo4j', 'expected_signature': '52fd8968d0f0d0a5ff0e57aa5dbf80a6b1465ba5980ad2ef479ab04e40f7cc8ca02855dd2811c9a93285a0a1722c9513f277918c033a6d937573a085b4d2ee9a', 'actual_signature': '4c5809fb1e0851bfb7ddb3aa2d114900505aa88d83e2a5789c6f87597dbcd13aef4c678f8cd8628360fb86a76cd462b7c3df123d14d661e9e14441704a45725f'}, {'database_index': 11, 'reason': 'Graph HMAC signature mismatch in Neo4j', 'expected_signature': 'e9a9f214c230030a1b31681109bc0e44dcf9351fc88025b0f83e9975da6d78fde9c7ba43d8eb3a5e7c0ce25f526338f820b3eea02ecc99f65896de97240fabb4', 'actual_signature': 'a4893f6c708b0dc76fb6b75ebae3e0ab728b442501cca6b8ac3db4b830b01d4acd4b67d1fec9515c93ae269a0bc95b82cb994ef96dca296f7f4665b9c00d6641'}, {'database_index': 12, 'reason': 'Graph HMAC signature mismatch in Neo4j', 'expected_signature': 'd01071a61f0f1ecdf19d48e065033b08a8947db26133b5e59db7a9c576e21f9c928dcdf9a795ecaef55b1a4cc491d03b6dc50ec8d5bd395799429cb2b63b2f77', 'actual_signature': 'a5718d94a6dc25ebb34c596aaff346a243a0ab6e83b7f79c33a0df17be51d44fbf9c3cdf16198950889e999bef93c9f20b98890d7b142bf7b143b6dc8a3c1af9'}, {'database_index': 13, 'reason': 'Graph HMAC signature mismatch in Neo4j', 'expected_signature': 'ae690f02b13c73efbf320f3347f31664ad7e86b120837ee821f104fcb8d77788dae794129678967c34990e0372603e22ddcab6841fd5eac455297f643baddfca', 'actual_signature': '681e543acf3ef1ad4cdc3f8b008b135d078a2404a1486f22c9daf4d93968ead470ff63c21cc805c1879dc1993f2765ba314a14d59aee4762b2aa946c990d67fa'}, {'database_index': 14, 'reason': 'Graph HMAC signature mismatch in Neo4j', 'expected_signature': '2a4542c4bb6249bacad75da1c7a2aee2e9252b1dd5abe1b61c66ebc107fe344b6a9a219cc95ff19c62c4dc4bd3d713f8fce15c7949ff670d26a3dc99e7eabb7a', 'actual_signature': '81c3b53d9445cacf3c6444c7c126f0434050a7c64e2b6fbfef8e0d2f1b8dcefecf7dcdcfb5e91d6debc08dca4b4e3028b49ad55d7249f5d8116d65a74ce7a820'}, {'database_index': 15, 'reason': 'Graph HMAC signature mismatch in Neo4j', 'expected_signature': 'cb71b9efe489111375307d4dbbf92da681f5b7aceef1b2ef2dc4e55c290bd6a072a55303e94cf71a1518bbc92fb77189b8d0f374118ac3d4f5743ccdac26cdfc', 'actual_signature': '6fc6b5d263bd07bcf0ea41b04292fc6ae1ce7cc847994778c80f83f0a1ecd5b1e04fc5d7df3776233ad9727a5a1f080d101b1409d70754ba6befbdac82edc8b9'}, {'database_index': 16, 'reason': 'Graph HMAC signature mismatch in Neo4j', 'expected_signature': '3d6e854ee8ef867d4492db79a26302ef0c9c7f9af705a1d44799fe42cd5769458aff85973bee7c03b648db99d37f267a3dc263a3197d349209ecaaa1dc26ab7b', 'actual_signature': 'e473bfa5c2a949e1acb14191b29f76d6477983d57304087e18c60c219b3f24fa5955b7d504cfc01062f6270596d595ca62ab25c08abd07f095f09cf68dcec2a6'}, {'database_index': 17, 'reason': 'Graph HMAC signature mismatch in Neo4j', 'expected_signature': '167b21dc3d690742c71ae61d2c0cadfee8a2b5a0a564ba0be5322abdc841778983dbdaf03d407867807b2edc300956188b1fff5c71a7b4c704c09d55dbff0653', 'actual_signature': '868a47e451801b1ee57e0f8b366eb93146b02128c915e39f1c1b0a41c1eabd7c23fde73f85729c7db7663a8ba06c872560f5185b17c4d4f36706b4290f788135'}, {'database_index': 18, 'reason': 'Graph HMAC signature mismatch in Neo4j', 'expected_signature': '8f96d4bf151bb69aa40d9845db72e68411a5d5a8cde0258bb34b74134d984c3a332924aa9320e72abc2734187786e9db47f79447b194004e6a22c0ece8fda3f8', 'actual_signature': 'b5041900c6493de5691c51021552d7dcad6c8588f691f76d83932c01fd046fef41facd8d105994d3c8837d00dcd2872a644549a11cb26a2d41c3630cd47814fa'}, {'database_index': 19, 'reason': 'Graph HMAC signature mismatch in Neo4j', 'expected_signature': '2b1ed694351f44ea84f2f0edc89495ff3240a1bb08721e9189850bd058b25c5c389c60cda7a0089263a8d0ce8cd58012e1b3bb71cd89df721b737a518b5fbe0c', 'actual_signature': '4571cdd6be9998fdbe17d6b29db14578b074adb94ecee09f5550697d639cbb66fc4c5cb0b4057d0f863d214ec6951dd7c50f767aa2a03de15936a9a8733d131e'}, {'database_index': 20, 'reason': 'Graph HMAC signature mismatch in Neo4j', 'expected_signature': 'd3114b7bcb5bde4a1d616745c2f43d5875c76c14b558871b97e2d30b0afbc1bcd97838feb151a79e7a443d66790276c7f5d24a85890498958939ddd13f29d938', 'actual_signature': '23582a8d8200039445a8adbbeef462bc684993101a3fd81ed8ee1068840c8456f6c7d90eebd121a55dfbfd5dcefaa7f7e34a694734b1c0295972c5f5127fd783'}, {'database_index': 21, 'reason': 'Graph HMAC signature mismatch in Neo4j', 'expected_signature': '6068fecd7822635ab541737753dce076e9096ce4da71bcc57ff0e45a981392a8ca2af6d2f4d220c95a0b4e4f4928b46b7b4173877d9b04466c07b67cba2b497e', 'actual_signature': 'e7446af9d157369bdf78aad8e73930d5fb2d00f2701fffd2fa9ff30e9d18f316934ab4e0667265a2bb2da90e39a99bb6d25bb06bcbb8423536dbe986dfa0a769'}, {'database_index': 22, 'reason': 'Graph HMAC signature mismatch in Neo4j', 'expected_signature': 'd98215d5ec24a38e1646d835be7b0614f513a264a946aa4c968321cc8cdae298a5c48dad030a44e63f86213c8630d39986a267c2091d906bc5d9b0e91eb0d98b', 'actual_signature': '962716b41bd5372605d5b1c5144ace31b2302a5e8e00d8ca221669f878ffbfffd276b7f1e6a4cd9969a53bb0f6bae6843b2e6ffb965933e120ea7f631451ee46'}, {'database_index': 23, 'reason': 'Graph HMAC signature mismatch in Neo4j', 'expected_signature': '7e5aedb253659b657a9446fd40d954395af812ddc460925de8e0d8b4b3769acbb3ddbfb175247157daf2e4890d53277fbee2a77fc649de0988052c601dbfe88e', 'actual_signature': 'e57a3263af446a3b5d8fb22adcd70909be4a7bb94c038701aa0f63231b987639fa79fc4f9d2ef34eaccaa6e1eabf6cf28dbbebdc924c09119624d4af4357f3aa'}, {'database_index': 24, 'reason': 'Graph HMAC signature mismatch in Neo4j', 'expected_signature': 'b3058e2cc9e7276ea6655379cc258848ccab54d42c4b974c3e1ccb87c5f7ef21c9fc626c1992f89cecb0787d5cd086827c9648b3f373d4525f71d0584acb3563', 'actual_signature': '5e1ac6b319bb3dc2bd1483ba0efe7ea2934b9b5ac1722e1aa7caf99b227df5c8cd19df2a5e2d940e45c2f1a0efd278c8bcde4137a3b8fc7f1c2f2fba2a5f71fb'}, {'database_index': 25, 'reason': 'Graph HMAC signature mismatch in Neo4j', 'expected_signature': '81472c6b6f14bf99dd4204d68c65ee3b5290e6b25faa6877c7169309f6c2a938ca383a31c22b356bb03acf16e21b2c6c852ffbd7001dbc4b95f8937adfbc8e62', 'actual_signature': '237ecc373a86a5a3198ed0fac950cfc0a818f53c66fa9bdcf5ee4d4ab0bdf37528133488ae5a810c708617c5e5c345ac377402ffa552855495c812a542bcb7ea'}, {'database_index': 26, 'reason': 'Graph HMAC signature mismatch in Neo4j', 'expected_signature': '594b79f8de3f28e5f69bc91b1d0a42a6630c2de6d54895f8782d619a18c0f8ab35dc28257c3956528be3f9decb338e0671d018583d3ee449da0c832c7a1e2d5f', 'actual_signature': '6e8383c543f83e912139de0e25c0a8eb708c00e213f19fe3ca71239779f21eccb5b1a90b4825fb071e1191eb3efbae611edab5363bab10752666542d5ee092b5'}, {'line': 1, 'reason': 'Broken file hash-chain link', 'expected_prev_hash': '0000000000000000000000000000000000000000000000000000000000000000', 'actual_prev_hash': '5c10eccf2a4bf4468fa73a74458a96466a47e30734023d81ffdd501c5282a5c878cdf9638fc16ea8dcacfd8447122a963c572096f13b90da70d7c0c3ad6c226a'}]
Ledger continuity gate failed before phase: recon

[-] Orchestration phase failed.

make: *** [Makefile:60: test] Error 1
